
> nextjs@0.1.0 build
> next build

   Creating an optimized production build ...
 ✓ Compiled successfully
   Skipping linting
   Checking validity of types ...
   Collecting page data ...
PageNotFoundError: Cannot find module for page: /privacy
    at getPagePath (/home/rudra/ACADEMICS/OPENSOURCE/InnerHue/node_modules/next/dist/server/require.js:94:15)
    at requirePage (/home/rudra/ACADEMICS/OPENSOURCE/InnerHue/node_modules/next/dist/server/require.js:99:22)
    at /home/rudra/ACADEMICS/OPENSOURCE/InnerHue/node_modules/next/dist/server/load-components.js:59:84
    at process.processTicksAndRejections (node:internal/process/task_queues:95:5)
    at async loadComponentsImpl (/home/rudra/ACADEMICS/OPENSOURCE/InnerHue/node_modules/next/dist/server/load-components.js:59:26)
    at async /home/rudra/ACADEMICS/OPENSOURCE/InnerHue/node_modules/next/dist/build/utils.js:1045:32
    at async Span.traceAsyncFn (/home/rudra/ACADEMICS/OPENSOURCE/InnerHue/node_modules/next/dist/trace/trace.js:105:20) {
  code: 'ENOENT'
}

> Build error occurred
Error: Failed to collect page data for /privacy
    at /home/rudra/ACADEMICS/OPENSOURCE/InnerHue/node_modules/next/dist/build/utils.js:1171:15
    at process.processTicksAndRejections (node:internal/process/task_queues:95:5) {
  type: 'Error'
}
